0 verbose cli /home/azureuser/.nvm/versions/node/v24.13.1/bin/node /home/azureuser/.nvm/versions/node/v24.13.1/bin/npm
1 info using npm@11.8.0
2 info using node@v24.13.1
3 silly config load:file:/home/azureuser/.nvm/versions/node/v24.13.1/lib/node_modules/npm/npmrc
4 silly config load:file:/home/azureuser/.npmrc
5 silly config load:file:/home/azureuser/.nvm/versions/node/v24.13.1/etc/npmrc
6 verbose title npm init
7 verbose argv "init"
8 verbose logfile logs-max:10 dir:/home/azureuser/.npm/_logs/2026-02-18T14_04_44_940Z-
9 verbose logfile /home/azureuser/.npm/_logs/2026-02-18T14_04_44_940Z-debug-0.log
10 silly logfile done cleaning log files
11 silly package data {
11 silly package data   name: 'ierg4210',
11 silly package data   version: '1.0.0',
11 silly package data   description: '',
11 silly package data   main: 'app.js',
11 silly package data   scripts: { test: 'echo "Error: no test specified" && exit 1' },
11 silly package data   repository: {
11 silly package data     type: 'git',
11 silly package data     url: 'git+https://github.com/LiClement0216/IERG4210-project-.git'
11 silly package data   },
11 silly package data   author: 'liclement',
11 silly package data   license: 'ISC',
11 silly package data   type: 'commonjs',
11 silly package data   bugs: { url: 'https://github.com/LiClement0216/IERG4210-project-/issues' },
11 silly package data   homepage: 'https://github.com/LiClement0216/IERG4210-project-#readme'
11 silly package data }
12 verbose cwd /home/azureuser
13 verbose os Linux 6.14.0-1017-azure
14 verbose node v24.13.1
15 verbose npm  v11.8.0
16 verbose exit 0
17 info ok
