0 verbose cli /home/azureuser/.nvm/versions/node/v24.13.1/bin/node /home/azureuser/.nvm/versions/node/v24.13.1/bin/npm
1 info using npm@11.8.0
2 info using node@v24.13.1
3 silly config load:file:/home/azureuser/.nvm/versions/node/v24.13.1/lib/node_modules/npm/npmrc
4 silly config load:file:/home/azureuser/.npmrc
5 silly config load:file:/home/azureuser/.nvm/versions/node/v24.13.1/etc/npmrc
6 verbose title npm install
7 verbose argv "install"
8 verbose logfile logs-max:10 dir:/home/azureuser/.npm/_logs/2026-02-18T14_11_16_887Z-
9 verbose logfile /home/azureuser/.npm/_logs/2026-02-18T14_11_16_887Z-debug-0.log
10 silly logfile done cleaning log files
11 silly packumentCache heap:492830720 maxSize:123207680 maxEntrySize:61603840
12 silly idealTree buildDeps
13 silly reify moves {}
14 silly audit report null
15 verbose cwd /home/azureuser
16 verbose os Linux 6.14.0-1017-azure
17 verbose node v24.13.1
18 verbose npm  v11.8.0
19 verbose exit 0
20 info ok
