0 verbose cli /home/azureuser/.nvm/versions/node/v24.13.1/bin/node /home/azureuser/.nvm/versions/node/v24.13.1/bin/npm
1 info using npm@11.8.0
2 info using node@v24.13.1
3 silly config load:file:/home/azureuser/.nvm/versions/node/v24.13.1/lib/node_modules/npm/npmrc
4 silly config load:file:/home/azureuser/.npmrc
5 silly config load:file:/home/azureuser/.nvm/versions/node/v24.13.1/etc/npmrc
6 verbose title npm start
7 verbose argv "start"
8 verbose logfile logs-max:10 dir:/home/azureuser/.npm/_logs/2026-02-18T14_13_52_814Z-
9 verbose logfile /home/azureuser/.npm/_logs/2026-02-18T14_13_52_814Z-debug-0.log
10 silly logfile done cleaning log files
11 verbose stack JSONParseError: Invalid package.json: JSONParseError: Expected ',' or '}' after property value in JSON at position 508 (line 19 column 5) while parsing near "...ed\\\" && exit 1\"\n    \"start\": \"node app.j..."
11 verbose stack     at parse (/home/azureuser/.nvm/versions/node/v24.13.1/lib/node_modules/npm/node_modules/@npmcli/package-json/lib/read-package.js:19:21)
11 verbose stack     at PackageJson.fromJSON (/home/azureuser/.nvm/versions/node/v24.13.1/lib/node_modules/npm/node_modules/@npmcli/package-json/lib/index.js:162:22)
11 verbose stack     at PackageJson.load (/home/azureuser/.nvm/versions/node/v24.13.1/lib/node_modules/npm/node_modules/@npmcli/package-json/lib/index.js:157:17)
11 verbose stack     at async PackageJson.normalize (/home/azureuser/.nvm/versions/node/v24.13.1/lib/node_modules/npm/node_modules/@npmcli/package-json/lib/index.js:117:5)
11 verbose stack     at async #run (/home/azureuser/.nvm/versions/node/v24.13.1/lib/node_modules/npm/lib/commands/run.js:90:13)
11 verbose stack     at async RunScript.exec (/home/azureuser/.nvm/versions/node/v24.13.1/lib/node_modules/npm/lib/commands/run.js:44:7)
11 verbose stack     at async Npm.exec (/home/azureuser/.nvm/versions/node/v24.13.1/lib/node_modules/npm/lib/npm.js:208:9)
11 verbose stack     at async module.exports (/home/azureuser/.nvm/versions/node/v24.13.1/lib/node_modules/npm/lib/cli/entry.js:67:5)
12 error code EJSONPARSE
13 error JSON.parse Invalid package.json: JSONParseError: Expected ',' or '}' after property value in JSON at position 508 (line 19 column 5) while parsing near "...ed\\\" && exit 1\"\n    \"start\": \"node app.j..."
14 error JSON.parse Failed to parse JSON data.
14 error JSON.parse Note: package.json must be actual JSON, not just JavaScript.
15 verbose cwd /home/azureuser
16 verbose os Linux 6.14.0-1017-azure
17 verbose node v24.13.1
18 verbose npm  v11.8.0
19 verbose exit 1
20 verbose code 1
21 error A complete log of this run can be found in: /home/azureuser/.npm/_logs/2026-02-18T14_13_52_814Z-debug-0.log
